21:44:30 **** Build of configuration Debug for project BSP ****
make -j20 all 
arm-none-eabi-gcc "D:/113-2/embedded_system/term_pj/BSP/Utilities/Log/lcd_log.c" -mcpu=cortex-m7 -std=gnu11 -g3 -DUSE_HAL_DRIVER -DSTM32F746xx -DUSE_STM32746G_DISCO -DUSE_IOEXPANDER -c -I../../../Inc -I../../../Drivers/CMSIS/Include -I../../../Drivers/CMSIS/Device/ST/STM32F7xx/Include -I../../../Drivers/STM32F7xx_HAL_Driver/Inc -I../../../Drivers/BSP/STM32746G-Discovery -I../../../Drivers/BSP/Components/Common -I../../../Utilities/Log -I../../../Utilities/Fonts -I../../../Utilities/CPU -Os -ffunction-sections -Wall -fstack-usage -fcyclomatic-complexity -MMD -MP -MF"Utilities/lcd_log.d" -MT"Utilities/lcd_log.o" --specs=nano.specs -mfpu=fpv5-sp-d16 -mfloat-abi=hard -mthumb -o "Utilities/lcd_log.o"
arm-none-eabi-gcc "D:/113-2/embedded_system/term_pj/BSP/Src/audio_loopback.c" -mcpu=cortex-m7 -std=gnu11 -g3 -DUSE_HAL_DRIVER -DSTM32F746xx -DUSE_STM32746G_DISCO -DUSE_IOEXPANDER -c -I../../../Inc -I../../../Drivers/CMSIS/Include -I../../../Drivers/CMSIS/Device/ST/STM32F7xx/Include -I../../../Drivers/STM32F7xx_HAL_Driver/Inc -I../../../Drivers/BSP/STM32746G-Discovery -I../../../Drivers/BSP/Components/Common -I../../../Utilities/Log -I../../../Utilities/Fonts -I../../../Utilities/CPU -Os -ffunction-sections -Wall -fstack-usage -fcyclomatic-complexity -MMD -MP -MF"Example/User/audio_loopback.d" -MT"Example/User/audio_loopback.o" --specs=nano.specs -mfpu=fpv5-sp-d16 -mfloat-abi=hard -mthumb -o "Example/User/audio_loopback.o"
arm-none-eabi-gcc "D:/113-2/embedded_system/term_pj/BSP/Src/audio_play.c" -mcpu=cortex-m7 -std=gnu11 -g3 -DUSE_HAL_DRIVER -DSTM32F746xx -DUSE_STM32746G_DISCO -DUSE_IOEXPANDER -c -I../../../Inc -I../../../Drivers/CMSIS/Include -I../../../Drivers/CMSIS/Device/ST/STM32F7xx/Include -I../../../Drivers/STM32F7xx_HAL_Driver/Inc -I../../../Drivers/BSP/STM32746G-Discovery -I../../../Drivers/BSP/Components/Common -I../../../Utilities/Log -I../../../Utilities/Fonts -I../../../Utilities/CPU -Os -ffunction-sections -Wall -fstack-usage -fcyclomatic-complexity -MMD -MP -MF"Example/User/audio_play.d" -MT"Example/User/audio_play.o" --specs=nano.specs -mfpu=fpv5-sp-d16 -mfloat-abi=hard -mthumb -o "Example/User/audio_play.o"
arm-none-eabi-gcc "D:/113-2/embedded_system/term_pj/BSP/Src/audio_rec.c" -mcpu=cortex-m7 -std=gnu11 -g3 -DUSE_HAL_DRIVER -DSTM32F746xx -DUSE_STM32746G_DISCO -DUSE_IOEXPANDER -c -I../../../Inc -I../../../Drivers/CMSIS/Include -I../../../Drivers/CMSIS/Device/ST/STM32F7xx/Include -I../../../Drivers/STM32F7xx_HAL_Driver/Inc -I../../../Drivers/BSP/STM32746G-Discovery -I../../../Drivers/BSP/Components/Common -I../../../Utilities/Log -I../../../Utilities/Fonts -I../../../Utilities/CPU -Os -ffunction-sections -Wall -fstack-usage -fcyclomatic-complexity -MMD -MP -MF"Example/User/audio_rec.d" -MT"Example/User/audio_rec.o" --specs=nano.specs -mfpu=fpv5-sp-d16 -mfloat-abi=hard -mthumb -o "Example/User/audio_rec.o"
arm-none-eabi-gcc "D:/113-2/embedded_system/term_pj/BSP/Src/camera.c" -mcpu=cortex-m7 -std=gnu11 -g3 -DUSE_HAL_DRIVER -DSTM32F746xx -DUSE_STM32746G_DISCO -DUSE_IOEXPANDER -c -I../../../Inc -I../../../Drivers/CMSIS/Include -I../../../Drivers/CMSIS/Device/ST/STM32F7xx/Include -I../../../Drivers/STM32F7xx_HAL_Driver/Inc -I../../../Drivers/BSP/STM32746G-Discovery -I../../../Drivers/BSP/Components/Common -I../../../Utilities/Log -I../../../Utilities/Fonts -I../../../Utilities/CPU -Os -ffunction-sections -Wall -fstack-usage -fcyclomatic-complexity -MMD -MP -MF"Example/User/camera.d" -MT"Example/User/camera.o" --specs=nano.specs -mfpu=fpv5-sp-d16 -mfloat-abi=hard -mthumb -o "Example/User/camera.o"
arm-none-eabi-gcc "D:/113-2/embedded_system/term_pj/BSP/Src/eeprom.c" -mcpu=cortex-m7 -std=gnu11 -g3 -DUSE_HAL_DRIVER -DSTM32F746xx -DUSE_STM32746G_DISCO -DUSE_IOEXPANDER -c -I../../../Inc -I../../../Drivers/CMSIS/Include -I../../../Drivers/CMSIS/Device/ST/STM32F7xx/Include -I../../../Drivers/STM32F7xx_HAL_Driver/Inc -I../../../Drivers/BSP/STM32746G-Discovery -I../../../Drivers/BSP/Components/Common -I../../../Utilities/Log -I../../../Utilities/Fonts -I../../../Utilities/CPU -Os -ffunction-sections -Wall -fstack-usage -fcyclomatic-complexity -MMD -MP -MF"Example/User/eeprom.d" -MT"Example/User/eeprom.o" --specs=nano.specs -mfpu=fpv5-sp-d16 -mfloat-abi=hard -mthumb -o "Example/User/eeprom.o"
arm-none-eabi-gcc "D:/113-2/embedded_system/term_pj/BSP/Src/lcd.c" -mcpu=cortex-m7 -std=gnu11 -g3 -DUSE_HAL_DRIVER -DSTM32F746xx -DUSE_STM32746G_DISCO -DUSE_IOEXPANDER -c -I../../../Inc -I../../../Drivers/CMSIS/Include -I../../../Drivers/CMSIS/Device/ST/STM32F7xx/Include -I../../../Drivers/STM32F7xx_HAL_Driver/Inc -I../../../Drivers/BSP/STM32746G-Discovery -I../../../Drivers/BSP/Components/Common -I../../../Utilities/Log -I../../../Utilities/Fonts -I../../../Utilities/CPU -Os -ffunction-sections -Wall -fstack-usage -fcyclomatic-complexity -MMD -MP -MF"Example/User/lcd.d" -MT"Example/User/lcd.o" --specs=nano.specs -mfpu=fpv5-sp-d16 -mfloat-abi=hard -mthumb -o "Example/User/lcd.o"
arm-none-eabi-gcc "D:/113-2/embedded_system/term_pj/BSP/Src/log.c" -mcpu=cortex-m7 -std=gnu11 -g3 -DUSE_HAL_DRIVER -DSTM32F746xx -DUSE_STM32746G_DISCO -DUSE_IOEXPANDER -c -I../../../Inc -I../../../Drivers/CMSIS/Include -I../../../Drivers/CMSIS/Device/ST/STM32F7xx/Include -I../../../Drivers/STM32F7xx_HAL_Driver/Inc -I../../../Drivers/BSP/STM32746G-Discovery -I../../../Drivers/BSP/Components/Common -I../../../Utilities/Log -I../../../Utilities/Fonts -I../../../Utilities/CPU -Os -ffunction-sections -Wall -fstack-usage -fcyclomatic-complexity -MMD -MP -MF"Example/User/log.d" -MT"Example/User/log.o" --specs=nano.specs -mfpu=fpv5-sp-d16 -mfloat-abi=hard -mthumb -o "Example/User/log.o"
arm-none-eabi-gcc "D:/113-2/embedded_system/term_pj/BSP/Src/main.c" -mcpu=cortex-m7 -std=gnu11 -g3 -DUSE_HAL_DRIVER -DSTM32F746xx -DUSE_STM32746G_DISCO -DUSE_IOEXPANDER -c -I../../../Inc -I../../../Drivers/CMSIS/Include -I../../../Drivers/CMSIS/Device/ST/STM32F7xx/Include -I../../../Drivers/STM32F7xx_HAL_Driver/Inc -I../../../Drivers/BSP/STM32746G-Discovery -I../../../Drivers/BSP/Components/Common -I../../../Utilities/Log -I../../../Utilities/Fonts -I../../../Utilities/CPU -Os -ffunction-sections -Wall -fstack-usage -fcyclomatic-complexity -MMD -MP -MF"Example/User/main.d" -MT"Example/User/main.o" --specs=nano.specs -mfpu=fpv5-sp-d16 -mfloat-abi=hard -mthumb -o "Example/User/main.o"
arm-none-eabi-gcc "D:/113-2/embedded_system/term_pj/BSP/Src/qspi.c" -mcpu=cortex-m7 -std=gnu11 -g3 -DUSE_HAL_DRIVER -DSTM32F746xx -DUSE_STM32746G_DISCO -DUSE_IOEXPANDER -c -I../../../Inc -I../../../Drivers/CMSIS/Include -I../../../Drivers/CMSIS/Device/ST/STM32F7xx/Include -I../../../Drivers/STM32F7xx_HAL_Driver/Inc -I../../../Drivers/BSP/STM32746G-Discovery -I../../../Drivers/BSP/Components/Common -I../../../Utilities/Log -I../../../Utilities/Fonts -I../../../Utilities/CPU -Os -ffunction-sections -Wall -fstack-usage -fcyclomatic-complexity -MMD -MP -MF"Example/User/qspi.d" -MT"Example/User/qspi.o" --specs=nano.specs -mfpu=fpv5-sp-d16 -mfloat-abi=hard -mthumb -o "Example/User/qspi.o"
arm-none-eabi-gcc "D:/113-2/embedded_system/term_pj/BSP/Src/sd.c" -mcpu=cortex-m7 -std=gnu11 -g3 -DUSE_HAL_DRIVER -DSTM32F746xx -DUSE_STM32746G_DISCO -DUSE_IOEXPANDER -c -I../../../Inc -I../../../Drivers/CMSIS/Include -I../../../Drivers/CMSIS/Device/ST/STM32F7xx/Include -I../../../Drivers/STM32F7xx_HAL_Driver/Inc -I../../../Drivers/BSP/STM32746G-Discovery -I../../../Drivers/BSP/Components/Common -I../../../Utilities/Log -I../../../Utilities/Fonts -I../../../Utilities/CPU -Os -ffunction-sections -Wall -fstack-usage -fcyclomatic-complexity -MMD -MP -MF"Example/User/sd.d" -MT"Example/User/sd.o" --specs=nano.specs -mfpu=fpv5-sp-d16 -mfloat-abi=hard -mthumb -o "Example/User/sd.o"
arm-none-eabi-gcc "D:/113-2/embedded_system/term_pj/BSP/Src/sdram.c" -mcpu=cortex-m7 -std=gnu11 -g3 -DUSE_HAL_DRIVER -DSTM32F746xx -DUSE_STM32746G_DISCO -DUSE_IOEXPANDER -c -I../../../Inc -I../../../Drivers/CMSIS/Include -I../../../Drivers/CMSIS/Device/ST/STM32F7xx/Include -I../../../Drivers/STM32F7xx_HAL_Driver/Inc -I../../../Drivers/BSP/STM32746G-Discovery -I../../../Drivers/BSP/Components/Common -I../../../Utilities/Log -I../../../Utilities/Fonts -I../../../Utilities/CPU -Os -ffunction-sections -Wall -fstack-usage -fcyclomatic-complexity -MMD -MP -MF"Example/User/sdram.d" -MT"Example/User/sdram.o" --specs=nano.specs -mfpu=fpv5-sp-d16 -mfloat-abi=hard -mthumb -o "Example/User/sdram.o"
arm-none-eabi-gcc "D:/113-2/embedded_system/term_pj/BSP/Src/sdram_dma.c" -mcpu=cortex-m7 -std=gnu11 -g3 -DUSE_HAL_DRIVER -DSTM32F746xx -DUSE_STM32746G_DISCO -DUSE_IOEXPANDER -c -I../../../Inc -I../../../Drivers/CMSIS/Include -I../../../Drivers/CMSIS/Device/ST/STM32F7xx/Include -I../../../Drivers/STM32F7xx_HAL_Driver/Inc -I../../../Drivers/BSP/STM32746G-Discovery -I../../../Drivers/BSP/Components/Common -I../../../Utilities/Log -I../../../Utilities/Fonts -I../../../Utilities/CPU -Os -ffunction-sections -Wall -fstack-usage -fcyclomatic-complexity -MMD -MP -MF"Example/User/sdram_dma.d" -MT"Example/User/sdram_dma.o" --specs=nano.specs -mfpu=fpv5-sp-d16 -mfloat-abi=hard -mthumb -o "Example/User/sdram_dma.o"
arm-none-eabi-gcc "D:/113-2/embedded_system/term_pj/BSP/Src/stm32f7xx_it.c" -mcpu=cortex-m7 -std=gnu11 -g3 -DUSE_HAL_DRIVER -DSTM32F746xx -DUSE_STM32746G_DISCO -DUSE_IOEXPANDER -c -I../../../Inc -I../../../Drivers/CMSIS/Include -I../../../Drivers/CMSIS/Device/ST/STM32F7xx/Include -I../../../Drivers/STM32F7xx_HAL_Driver/Inc -I../../../Drivers/BSP/STM32746G-Discovery -I../../../Drivers/BSP/Components/Common -I../../../Utilities/Log -I../../../Utilities/Fonts -I../../../Utilities/CPU -Os -ffunction-sections -Wall -fstack-usage -fcyclomatic-complexity -MMD -MP -MF"Example/User/stm32f7xx_it.d" -MT"Example/User/stm32f7xx_it.o" --specs=nano.specs -mfpu=fpv5-sp-d16 -mfloat-abi=hard -mthumb -o "Example/User/stm32f7xx_it.o"
arm-none-eabi-gcc "D:/113-2/embedded_system/term_pj/BSP/Src/touchscreen.c" -mcpu=cortex-m7 -std=gnu11 -g3 -DUSE_HAL_DRIVER -DSTM32F746xx -DUSE_STM32746G_DISCO -DUSE_IOEXPANDER -c -I../../../Inc -I../../../Drivers/CMSIS/Include -I../../../Drivers/CMSIS/Device/ST/STM32F7xx/Include -I../../../Drivers/STM32F7xx_HAL_Driver/Inc -I../../../Drivers/BSP/STM32746G-Discovery -I../../../Drivers/BSP/Components/Common -I../../../Utilities/Log -I../../../Utilities/Fonts -I../../../Utilities/CPU -Os -ffunction-sections -Wall -fstack-usage -fcyclomatic-complexity -MMD -MP -MF"Example/User/touchscreen.d" -MT"Example/User/touchscreen.o" --specs=nano.specs -mfpu=fpv5-sp-d16 -mfloat-abi=hard -mthumb -o "Example/User/touchscreen.o"
arm-none-eabi-gcc -mcpu=cortex-m7 -g3 -c -x assembler-with-cpp -MMD -MP -MF"Example/SW4STM32/startup_stm32f746xx.d" -MT"Example/SW4STM32/startup_stm32f746xx.o" --specs=nano.specs -mfpu=fpv5-sp-d16 -mfloat-abi=hard -mthumb -o "Example/SW4STM32/startup_stm32f746xx.o" "D:/113-2/embedded_system/term_pj/BSP/SW4STM32/startup_stm32f746xx.s"
arm-none-eabi-gcc "D:/113-2/embedded_system/term_pj/BSP/SW4STM32/syscalls.c" -mcpu=cortex-m7 -std=gnu11 -g3 -DUSE_HAL_DRIVER -DSTM32F746xx -DUSE_STM32746G_DISCO -DUSE_IOEXPANDER -c -I../../../Inc -I../../../Drivers/CMSIS/Include -I../../../Drivers/CMSIS/Device/ST/STM32F7xx/Include -I../../../Drivers/STM32F7xx_HAL_Driver/Inc -I../../../Drivers/BSP/STM32746G-Discovery -I../../../Drivers/BSP/Components/Common -I../../../Utilities/Log -I../../../Utilities/Fonts -I../../../Utilities/CPU -Os -ffunction-sections -Wall -fstack-usage -fcyclomatic-complexity -MMD -MP -MF"Example/SW4STM32/syscalls.d" -MT"Example/SW4STM32/syscalls.o" --specs=nano.specs -mfpu=fpv5-sp-d16 -mfloat-abi=hard -mthumb -o "Example/SW4STM32/syscalls.o"
arm-none-eabi-gcc "D:/113-2/embedded_system/term_pj/BSP/Drivers/STM32F7xx_HAL_Driver/Src/stm32f7xx_hal.c" -mcpu=cortex-m7 -std=gnu11 -g3 -DUSE_HAL_DRIVER -DSTM32F746xx -DUSE_STM32746G_DISCO -DUSE_IOEXPANDER -c -I../../../Inc -I../../../Drivers/CMSIS/Include -I../../../Drivers/CMSIS/Device/ST/STM32F7xx/Include -I../../../Drivers/STM32F7xx_HAL_Driver/Inc -I../../../Drivers/BSP/STM32746G-Discovery -I../../../Drivers/BSP/Components/Common -I../../../Utilities/Log -I../../../Utilities/Fonts -I../../../Utilities/CPU -Os -ffunction-sections -Wall -fstack-usage -fcyclomatic-complexity -MMD -MP -MF"Drivers/STM32F7xx_HAL_Driver/stm32f7xx_hal.d" -MT"Drivers/STM32F7xx_HAL_Driver/stm32f7xx_hal.o" --specs=nano.specs -mfpu=fpv5-sp-d16 -mfloat-abi=hard -mthumb -o "Drivers/STM32F7xx_HAL_Driver/stm32f7xx_hal.o"
arm-none-eabi-gcc "D:/113-2/embedded_system/term_pj/BSP/Drivers/STM32F7xx_HAL_Driver/Src/stm32f7xx_hal_cortex.c" -mcpu=cortex-m7 -std=gnu11 -g3 -DUSE_HAL_DRIVER -DSTM32F746xx -DUSE_STM32746G_DISCO -DUSE_IOEXPANDER -c -I../../../Inc -I../../../Drivers/CMSIS/Include -I../../../Drivers/CMSIS/Device/ST/STM32F7xx/Include -I../../../Drivers/STM32F7xx_HAL_Driver/Inc -I../../../Drivers/BSP/STM32746G-Discovery -I../../../Drivers/BSP/Components/Common -I../../../Utilities/Log -I../../../Utilities/Fonts -I../../../Utilities/CPU -Os -ffunction-sections -Wall -fstack-usage -fcyclomatic-complexity -MMD -MP -MF"Drivers/STM32F7xx_HAL_Driver/stm32f7xx_hal_cortex.d" -MT"Drivers/STM32F7xx_HAL_Driver/stm32f7xx_hal_cortex.o" --specs=nano.specs -mfpu=fpv5-sp-d16 -mfloat-abi=hard -mthumb -o "Drivers/STM32F7xx_HAL_Driver/stm32f7xx_hal_cortex.o"
arm-none-eabi-gcc "D:/113-2/embedded_system/term_pj/BSP/Drivers/STM32F7xx_HAL_Driver/Src/stm32f7xx_hal_dcmi.c" -mcpu=cortex-m7 -std=gnu11 -g3 -DUSE_HAL_DRIVER -DSTM32F746xx -DUSE_STM32746G_DISCO -DUSE_IOEXPANDER -c -I../../../Inc -I../../../Drivers/CMSIS/Include -I../../../Drivers/CMSIS/Device/ST/STM32F7xx/Include -I../../../Drivers/STM32F7xx_HAL_Driver/Inc -I../../../Drivers/BSP/STM32746G-Discovery -I../../../Drivers/BSP/Components/Common -I../../../Utilities/Log -I../../../Utilities/Fonts -I../../../Utilities/CPU -Os -ffunction-sections -Wall -fstack-usage -fcyclomatic-complexity -MMD -MP -MF"Drivers/STM32F7xx_HAL_Driver/stm32f7xx_hal_dcmi.d" -MT"Drivers/STM32F7xx_HAL_Driver/stm32f7xx_hal_dcmi.o" --specs=nano.specs -mfpu=fpv5-sp-d16 -mfloat-abi=hard -mthumb -o "Drivers/STM32F7xx_HAL_Driver/stm32f7xx_hal_dcmi.o"
arm-none-eabi-gcc "D:/113-2/embedded_system/term_pj/BSP/Drivers/STM32F7xx_HAL_Driver/Src/stm32f7xx_hal_dma.c" -mcpu=cortex-m7 -std=gnu11 -g3 -DUSE_HAL_DRIVER -DSTM32F746xx -DUSE_STM32746G_DISCO -DUSE_IOEXPANDER -c -I../../../Inc -I../../../Drivers/CMSIS/Include -I../../../Drivers/CMSIS/Device/ST/STM32F7xx/Include -I../../../Drivers/STM32F7xx_HAL_Driver/Inc -I../../../Drivers/BSP/STM32746G-Discovery -I../../../Drivers/BSP/Components/Common -I../../../Utilities/Log -I../../../Utilities/Fonts -I../../../Utilities/CPU -Os -ffunction-sections -Wall -fstack-usage -fcyclomatic-complexity -MMD -MP -MF"Drivers/STM32F7xx_HAL_Driver/stm32f7xx_hal_dma.d" -MT"Drivers/STM32F7xx_HAL_Driver/stm32f7xx_hal_dma.o" --specs=nano.specs -mfpu=fpv5-sp-d16 -mfloat-abi=hard -mthumb -o "Drivers/STM32F7xx_HAL_Driver/stm32f7xx_hal_dma.o"
arm-none-eabi-gcc "D:/113-2/embedded_system/term_pj/BSP/Drivers/STM32F7xx_HAL_Driver/Src/stm32f7xx_hal_dma2d.c" -mcpu=cortex-m7 -std=gnu11 -g3 -DUSE_HAL_DRIVER -DSTM32F746xx -DUSE_STM32746G_DISCO -DUSE_IOEXPANDER -c -I../../../Inc -I../../../Drivers/CMSIS/Include -I../../../Drivers/CMSIS/Device/ST/STM32F7xx/Include -I../../../Drivers/STM32F7xx_HAL_Driver/Inc -I../../../Drivers/BSP/STM32746G-Discovery -I../../../Drivers/BSP/Components/Common -I../../../Utilities/Log -I../../../Utilities/Fonts -I../../../Utilities/CPU -Os -ffunction-sections -Wall -fstack-usage -fcyclomatic-complexity -MMD -MP -MF"Drivers/STM32F7xx_HAL_Driver/stm32f7xx_hal_dma2d.d" -MT"Drivers/STM32F7xx_HAL_Driver/stm32f7xx_hal_dma2d.o" --specs=nano.specs -mfpu=fpv5-sp-d16 -mfloat-abi=hard -mthumb -o "Drivers/STM32F7xx_HAL_Driver/stm32f7xx_hal_dma2d.o"
arm-none-eabi-gcc "D:/113-2/embedded_system/term_pj/BSP/Drivers/STM32F7xx_HAL_Driver/Src/stm32f7xx_hal_dma_ex.c" -mcpu=cortex-m7 -std=gnu11 -g3 -DUSE_HAL_DRIVER -DSTM32F746xx -DUSE_STM32746G_DISCO -DUSE_IOEXPANDER -c -I../../../Inc -I../../../Drivers/CMSIS/Include -I../../../Drivers/CMSIS/Device/ST/STM32F7xx/Include -I../../../Drivers/STM32F7xx_HAL_Driver/Inc -I../../../Drivers/BSP/STM32746G-Discovery -I../../../Drivers/BSP/Components/Common -I../../../Utilities/Log -I../../../Utilities/Fonts -I../../../Utilities/CPU -Os -ffunction-sections -Wall -fstack-usage -fcyclomatic-complexity -MMD -MP -MF"Drivers/STM32F7xx_HAL_Driver/stm32f7xx_hal_dma_ex.d" -MT"Drivers/STM32F7xx_HAL_Driver/stm32f7xx_hal_dma_ex.o" --specs=nano.specs -mfpu=fpv5-sp-d16 -mfloat-abi=hard -mthumb -o "Drivers/STM32F7xx_HAL_Driver/stm32f7xx_hal_dma_ex.o"
arm-none-eabi-gcc "D:/113-2/embedded_system/term_pj/BSP/Drivers/STM32F7xx_HAL_Driver/Src/stm32f7xx_hal_flash.c" -mcpu=cortex-m7 -std=gnu11 -g3 -DUSE_HAL_DRIVER -DSTM32F746xx -DUSE_STM32746G_DISCO -DUSE_IOEXPANDER -c -I../../../Inc -I../../../Drivers/CMSIS/Include -I../../../Drivers/CMSIS/Device/ST/STM32F7xx/Include -I../../../Drivers/STM32F7xx_HAL_Driver/Inc -I../../../Drivers/BSP/STM32746G-Discovery -I../../../Drivers/BSP/Components/Common -I../../../Utilities/Log -I../../../Utilities/Fonts -I../../../Utilities/CPU -Os -ffunction-sections -Wall -fstack-usage -fcyclomatic-complexity -MMD -MP -MF"Drivers/STM32F7xx_HAL_Driver/stm32f7xx_hal_flash.d" -MT"Drivers/STM32F7xx_HAL_Driver/stm32f7xx_hal_flash.o" --specs=nano.specs -mfpu=fpv5-sp-d16 -mfloat-abi=hard -mthumb -o "Drivers/STM32F7xx_HAL_Driver/stm32f7xx_hal_flash.o"
arm-none-eabi-gcc "D:/113-2/embedded_system/term_pj/BSP/Drivers/STM32F7xx_HAL_Driver/Src/stm32f7xx_hal_flash_ex.c" -mcpu=cortex-m7 -std=gnu11 -g3 -DUSE_HAL_DRIVER -DSTM32F746xx -DUSE_STM32746G_DISCO -DUSE_IOEXPANDER -c -I../../../Inc -I../../../Drivers/CMSIS/Include -I../../../Drivers/CMSIS/Device/ST/STM32F7xx/Include -I../../../Drivers/STM32F7xx_HAL_Driver/Inc -I../../../Drivers/BSP/STM32746G-Discovery -I../../../Drivers/BSP/Components/Common -I../../../Utilities/Log -I../../../Utilities/Fonts -I../../../Utilities/CPU -Os -ffunction-sections -Wall -fstack-usage -fcyclomatic-complexity -MMD -MP -MF"Drivers/STM32F7xx_HAL_Driver/stm32f7xx_hal_flash_ex.d" -MT"Drivers/STM32F7xx_HAL_Driver/stm32f7xx_hal_flash_ex.o" --specs=nano.specs -mfpu=fpv5-sp-d16 -mfloat-abi=hard -mthumb -o "Drivers/STM32F7xx_HAL_Driver/stm32f7xx_hal_flash_ex.o"
D:/113-2/embedded_system/term_pj/BSP/Src/eeprom.c: In function 'EEPROM_Show_Feature':
D:/113-2/embedded_system/term_pj/BSP/Src/eeprom.c:195:59: warning: '%d' directive output may be truncated writing between 1 and 3 bytes into a region of size between 2 and 521 [-Wformat-truncation=]
  195 |         snprintf((char*)Tx2Buffer, BUFFER_SIZE1, "%s Test %d", Tx1Buffer, NbLoop);
      |                                                           ^~
D:/113-2/embedded_system/term_pj/BSP/Src/eeprom.c:195:50: note: directive argument in the range [0, 255]
  195 |         snprintf((char*)Tx2Buffer, BUFFER_SIZE1, "%s Test %d", Tx1Buffer, NbLoop);
      |                                                  ^~~~~~~~~~~~
D:/113-2/embedded_system/term_pj/BSP/Src/eeprom.c:195:9: note: 'snprintf' output between 8 and 529 bytes into a destination of size 527
  195 |         snprintf((char*)Tx2Buffer, BUFFER_SIZE1, "%s Test %d", Tx1Buffer, NbLoop);
      |         ^~~~~~~~~~~~~~~~~~~~~~~~~~~~~~~~~~~~~~~~~~~~~~~~~~~~~~~~~~~~~~~~~~~~~~~~~
D:/113-2/embedded_system/term_pj/BSP/Src/stm32f7xx_it.c: In function 'DMA2_Stream1_IRQHandler':
D:/113-2/embedded_system/term_pj/BSP/Src/stm32f7xx_it.c:223:6: warning: infinite recursion detected [-Winfinite-recursion]
  223 | void DMA2_Stream1_IRQHandler(void)
      |      ^~~~~~~~~~~~~~~~~~~~~~~
arm-none-eabi-gcc "D:/113-2/embedded_system/term_pj/BSP/Drivers/STM32F7xx_HAL_Driver/Src/stm32f7xx_hal_gpio.c" -mcpu=cortex-m7 -std=gnu11 -g3 -DUSE_HAL_DRIVER -DSTM32F746xx -DUSE_STM32746G_DISCO -DUSE_IOEXPANDER -c -I../../../Inc -I../../../Drivers/CMSIS/Include -I../../../Drivers/CMSIS/Device/ST/STM32F7xx/Include -I../../../Drivers/STM32F7xx_HAL_Driver/Inc -I../../../Drivers/BSP/STM32746G-Discovery -I../../../Drivers/BSP/Components/Common -I../../../Utilities/Log -I../../../Utilities/Fonts -I../../../Utilities/CPU -Os -ffunction-sections -Wall -fstack-usage -fcyclomatic-complexity -MMD -MP -MF"Drivers/STM32F7xx_HAL_Driver/stm32f7xx_hal_gpio.d" -MT"Drivers/STM32F7xx_HAL_Driver/stm32f7xx_hal_gpio.o" --specs=nano.specs -mfpu=fpv5-sp-d16 -mfloat-abi=hard -mthumb -o "Drivers/STM32F7xx_HAL_Driver/stm32f7xx_hal_gpio.o"
In file included from ../../../Inc/main.h:31,
                 from D:/113-2/embedded_system/term_pj/BSP/Src/stm32f7xx_it.c:22:
../../../Drivers/BSP/STM32746G-Discovery/stm32746g_discovery_camera.h:74:36: note: recursive call
   74 | #define BSP_CAMERA_DMA_IRQHandler  DMA2_Stream1_IRQHandler
D:/113-2/embedded_system/term_pj/BSP/Src/stm32f7xx_it.c:225:3: note: in expansion of macro 'BSP_CAMERA_DMA_IRQHandler'
  225 |   BSP_CAMERA_DMA_IRQHandler();
      |   ^~~~~~~~~~~~~~~~~~~~~~~~~
D:/113-2/embedded_system/term_pj/BSP/Src/stm32f7xx_it.c: In function 'DCMI_IRQHandler':
D:/113-2/embedded_system/term_pj/BSP/Src/stm32f7xx_it.c:243:6: warning: infinite recursion detected [-Winfinite-recursion]
  243 | void DCMI_IRQHandler(void)
      |      ^~~~~~~~~~~~~~~
../../../Drivers/BSP/STM32746G-Discovery/stm32746g_discovery_camera.h:73:36: note: recursive call
   73 | #define BSP_CAMERA_IRQHandler      DCMI_IRQHandler
D:/113-2/embedded_system/term_pj/BSP/Src/stm32f7xx_it.c:245:3: note: in expansion of macro 'BSP_CAMERA_IRQHandler'
  245 |   BSP_CAMERA_IRQHandler();
      |   ^~~~~~~~~~~~~~~~~~~~~
arm-none-eabi-gcc "D:/113-2/embedded_system/term_pj/BSP/Drivers/STM32F7xx_HAL_Driver/Src/stm32f7xx_hal_i2c.c" -mcpu=cortex-m7 -std=gnu11 -g3 -DUSE_HAL_DRIVER -DSTM32F746xx -DUSE_STM32746G_DISCO -DUSE_IOEXPANDER -c -I../../../Inc -I../../../Drivers/CMSIS/Include -I../../../Drivers/CMSIS/Device/ST/STM32F7xx/Include -I../../../Drivers/STM32F7xx_HAL_Driver/Inc -I../../../Drivers/BSP/STM32746G-Discovery -I../../../Drivers/BSP/Components/Common -I../../../Utilities/Log -I../../../Utilities/Fonts -I../../../Utilities/CPU -Os -ffunction-sections -Wall -fstack-usage -fcyclomatic-complexity -MMD -MP -MF"Drivers/STM32F7xx_HAL_Driver/stm32f7xx_hal_i2c.d" -MT"Drivers/STM32F7xx_HAL_Driver/stm32f7xx_hal_i2c.o" --specs=nano.specs -mfpu=fpv5-sp-d16 -mfloat-abi=hard -mthumb -o "Drivers/STM32F7xx_HAL_Driver/stm32f7xx_hal_i2c.o"
arm-none-eabi-gcc "D:/113-2/embedded_system/term_pj/BSP/Drivers/STM32F7xx_HAL_Driver/Src/stm32f7xx_hal_i2s.c" -mcpu=cortex-m7 -std=gnu11 -g3 -DUSE_HAL_DRIVER -DSTM32F746xx -DUSE_STM32746G_DISCO -DUSE_IOEXPANDER -c -I../../../Inc -I../../../Drivers/CMSIS/Include -I../../../Drivers/CMSIS/Device/ST/STM32F7xx/Include -I../../../Drivers/STM32F7xx_HAL_Driver/Inc -I../../../Drivers/BSP/STM32746G-Discovery -I../../../Drivers/BSP/Components/Common -I../../../Utilities/Log -I../../../Utilities/Fonts -I../../../Utilities/CPU -Os -ffunction-sections -Wall -fstack-usage -fcyclomatic-complexity -MMD -MP -MF"Drivers/STM32F7xx_HAL_Driver/stm32f7xx_hal_i2s.d" -MT"Drivers/STM32F7xx_HAL_Driver/stm32f7xx_hal_i2s.o" --specs=nano.specs -mfpu=fpv5-sp-d16 -mfloat-abi=hard -mthumb -o "Drivers/STM32F7xx_HAL_Driver/stm32f7xx_hal_i2s.o"
arm-none-eabi-gcc "D:/113-2/embedded_system/term_pj/BSP/Drivers/STM32F7xx_HAL_Driver/Src/stm32f7xx_hal_ltdc.c" -mcpu=cortex-m7 -std=gnu11 -g3 -DUSE_HAL_DRIVER -DSTM32F746xx -DUSE_STM32746G_DISCO -DUSE_IOEXPANDER -c -I../../../Inc -I../../../Drivers/CMSIS/Include -I../../../Drivers/CMSIS/Device/ST/STM32F7xx/Include -I../../../Drivers/STM32F7xx_HAL_Driver/Inc -I../../../Drivers/BSP/STM32746G-Discovery -I../../../Drivers/BSP/Components/Common -I../../../Utilities/Log -I../../../Utilities/Fonts -I../../../Utilities/CPU -Os -ffunction-sections -Wall -fstack-usage -fcyclomatic-complexity -MMD -MP -MF"Drivers/STM32F7xx_HAL_Driver/stm32f7xx_hal_ltdc.d" -MT"Drivers/STM32F7xx_HAL_Driver/stm32f7xx_hal_ltdc.o" --specs=nano.specs -mfpu=fpv5-sp-d16 -mfloat-abi=hard -mthumb -o "Drivers/STM32F7xx_HAL_Driver/stm32f7xx_hal_ltdc.o"
arm-none-eabi-gcc "D:/113-2/embedded_system/term_pj/BSP/Drivers/STM32F7xx_HAL_Driver/Src/stm32f7xx_hal_nor.c" -mcpu=cortex-m7 -std=gnu11 -g3 -DUSE_HAL_DRIVER -DSTM32F746xx -DUSE_STM32746G_DISCO -DUSE_IOEXPANDER -c -I../../../Inc -I../../../Drivers/CMSIS/Include -I../../../Drivers/CMSIS/Device/ST/STM32F7xx/Include -I../../../Drivers/STM32F7xx_HAL_Driver/Inc -I../../../Drivers/BSP/STM32746G-Discovery -I../../../Drivers/BSP/Components/Common -I../../../Utilities/Log -I../../../Utilities/Fonts -I../../../Utilities/CPU -Os -ffunction-sections -Wall -fstack-usage -fcyclomatic-complexity -MMD -MP -MF"Drivers/STM32F7xx_HAL_Driver/stm32f7xx_hal_nor.d" -MT"Drivers/STM32F7xx_HAL_Driver/stm32f7xx_hal_nor.o" --specs=nano.specs -mfpu=fpv5-sp-d16 -mfloat-abi=hard -mthumb -o "Drivers/STM32F7xx_HAL_Driver/stm32f7xx_hal_nor.o"
arm-none-eabi-gcc "D:/113-2/embedded_system/term_pj/BSP/Drivers/STM32F7xx_HAL_Driver/Src/stm32f7xx_hal_pwr.c" -mcpu=cortex-m7 -std=gnu11 -g3 -DUSE_HAL_DRIVER -DSTM32F746xx -DUSE_STM32746G_DISCO -DUSE_IOEXPANDER -c -I../../../Inc -I../../../Drivers/CMSIS/Include -I../../../Drivers/CMSIS/Device/ST/STM32F7xx/Include -I../../../Drivers/STM32F7xx_HAL_Driver/Inc -I../../../Drivers/BSP/STM32746G-Discovery -I../../../Drivers/BSP/Components/Common -I../../../Utilities/Log -I../../../Utilities/Fonts -I../../../Utilities/CPU -Os -ffunction-sections -Wall -fstack-usage -fcyclomatic-complexity -MMD -MP -MF"Drivers/STM32F7xx_HAL_Driver/stm32f7xx_hal_pwr.d" -MT"Drivers/STM32F7xx_HAL_Driver/stm32f7xx_hal_pwr.o" --specs=nano.specs -mfpu=fpv5-sp-d16 -mfloat-abi=hard -mthumb -o "Drivers/STM32F7xx_HAL_Driver/stm32f7xx_hal_pwr.o"
arm-none-eabi-gcc "D:/113-2/embedded_system/term_pj/BSP/Drivers/STM32F7xx_HAL_Driver/Src/stm32f7xx_hal_pwr_ex.c" -mcpu=cortex-m7 -std=gnu11 -g3 -DUSE_HAL_DRIVER -DSTM32F746xx -DUSE_STM32746G_DISCO -DUSE_IOEXPANDER -c -I../../../Inc -I../../../Drivers/CMSIS/Include -I../../../Drivers/CMSIS/Device/ST/STM32F7xx/Include -I../../../Drivers/STM32F7xx_HAL_Driver/Inc -I../../../Drivers/BSP/STM32746G-Discovery -I../../../Drivers/BSP/Components/Common -I../../../Utilities/Log -I../../../Utilities/Fonts -I../../../Utilities/CPU -Os -ffunction-sections -Wall -fstack-usage -fcyclomatic-complexity -MMD -MP -MF"Drivers/STM32F7xx_HAL_Driver/stm32f7xx_hal_pwr_ex.d" -MT"Drivers/STM32F7xx_HAL_Driver/stm32f7xx_hal_pwr_ex.o" --specs=nano.specs -mfpu=fpv5-sp-d16 -mfloat-abi=hard -mthumb -o "Drivers/STM32F7xx_HAL_Driver/stm32f7xx_hal_pwr_ex.o"
arm-none-eabi-gcc "D:/113-2/embedded_system/term_pj/BSP/Drivers/STM32F7xx_HAL_Driver/Src/stm32f7xx_hal_qspi.c" -mcpu=cortex-m7 -std=gnu11 -g3 -DUSE_HAL_DRIVER -DSTM32F746xx -DUSE_STM32746G_DISCO -DUSE_IOEXPANDER -c -I../../../Inc -I../../../Drivers/CMSIS/Include -I../../../Drivers/CMSIS/Device/ST/STM32F7xx/Include -I../../../Drivers/STM32F7xx_HAL_Driver/Inc -I../../../Drivers/BSP/STM32746G-Discovery -I../../../Drivers/BSP/Components/Common -I../../../Utilities/Log -I../../../Utilities/Fonts -I../../../Utilities/CPU -Os -ffunction-sections -Wall -fstack-usage -fcyclomatic-complexity -MMD -MP -MF"Drivers/STM32F7xx_HAL_Driver/stm32f7xx_hal_qspi.d" -MT"Drivers/STM32F7xx_HAL_Driver/stm32f7xx_hal_qspi.o" --specs=nano.specs -mfpu=fpv5-sp-d16 -mfloat-abi=hard -mthumb -o "Drivers/STM32F7xx_HAL_Driver/stm32f7xx_hal_qspi.o"
arm-none-eabi-gcc "D:/113-2/embedded_system/term_pj/BSP/Drivers/STM32F7xx_HAL_Driver/Src/stm32f7xx_hal_rcc.c" -mcpu=cortex-m7 -std=gnu11 -g3 -DUSE_HAL_DRIVER -DSTM32F746xx -DUSE_STM32746G_DISCO -DUSE_IOEXPANDER -c -I../../../Inc -I../../../Drivers/CMSIS/Include -I../../../Drivers/CMSIS/Device/ST/STM32F7xx/Include -I../../../Drivers/STM32F7xx_HAL_Driver/Inc -I../../../Drivers/BSP/STM32746G-Discovery -I../../../Drivers/BSP/Components/Common -I../../../Utilities/Log -I../../../Utilities/Fonts -I../../../Utilities/CPU -Os -ffunction-sections -Wall -fstack-usage -fcyclomatic-complexity -MMD -MP -MF"Drivers/STM32F7xx_HAL_Driver/stm32f7xx_hal_rcc.d" -MT"Drivers/STM32F7xx_HAL_Driver/stm32f7xx_hal_rcc.o" --specs=nano.specs -mfpu=fpv5-sp-d16 -mfloat-abi=hard -mthumb -o "Drivers/STM32F7xx_HAL_Driver/stm32f7xx_hal_rcc.o"
arm-none-eabi-gcc "D:/113-2/embedded_system/term_pj/BSP/Drivers/STM32F7xx_HAL_Driver/Src/stm32f7xx_hal_rcc_ex.c" -mcpu=cortex-m7 -std=gnu11 -g3 -DUSE_HAL_DRIVER -DSTM32F746xx -DUSE_STM32746G_DISCO -DUSE_IOEXPANDER -c -I../../../Inc -I../../../Drivers/CMSIS/Include -I../../../Drivers/CMSIS/Device/ST/STM32F7xx/Include -I../../../Drivers/STM32F7xx_HAL_Driver/Inc -I../../../Drivers/BSP/STM32746G-Discovery -I../../../Drivers/BSP/Components/Common -I../../../Utilities/Log -I../../../Utilities/Fonts -I../../../Utilities/CPU -Os -ffunction-sections -Wall -fstack-usage -fcyclomatic-complexity -MMD -MP -MF"Drivers/STM32F7xx_HAL_Driver/stm32f7xx_hal_rcc_ex.d" -MT"Drivers/STM32F7xx_HAL_Driver/stm32f7xx_hal_rcc_ex.o" --specs=nano.specs -mfpu=fpv5-sp-d16 -mfloat-abi=hard -mthumb -o "Drivers/STM32F7xx_HAL_Driver/stm32f7xx_hal_rcc_ex.o"
arm-none-eabi-gcc "D:/113-2/embedded_system/term_pj/BSP/Drivers/STM32F7xx_HAL_Driver/Src/stm32f7xx_hal_sai.c" -mcpu=cortex-m7 -std=gnu11 -g3 -DUSE_HAL_DRIVER -DSTM32F746xx -DUSE_STM32746G_DISCO -DUSE_IOEXPANDER -c -I../../../Inc -I../../../Drivers/CMSIS/Include -I../../../Drivers/CMSIS/Device/ST/STM32F7xx/Include -I../../../Drivers/STM32F7xx_HAL_Driver/Inc -I../../../Drivers/BSP/STM32746G-Discovery -I../../../Drivers/BSP/Components/Common -I../../../Utilities/Log -I../../../Utilities/Fonts -I../../../Utilities/CPU -Os -ffunction-sections -Wall -fstack-usage -fcyclomatic-complexity -MMD -MP -MF"Drivers/STM32F7xx_HAL_Driver/stm32f7xx_hal_sai.d" -MT"Drivers/STM32F7xx_HAL_Driver/stm32f7xx_hal_sai.o" --specs=nano.specs -mfpu=fpv5-sp-d16 -mfloat-abi=hard -mthumb -o "Drivers/STM32F7xx_HAL_Driver/stm32f7xx_hal_sai.o"
arm-none-eabi-gcc "D:/113-2/embedded_system/term_pj/BSP/Drivers/STM32F7xx_HAL_Driver/Src/stm32f7xx_hal_sai_ex.c" -mcpu=cortex-m7 -std=gnu11 -g3 -DUSE_HAL_DRIVER -DSTM32F746xx -DUSE_STM32746G_DISCO -DUSE_IOEXPANDER -c -I../../../Inc -I../../../Drivers/CMSIS/Include -I../../../Drivers/CMSIS/Device/ST/STM32F7xx/Include -I../../../Drivers/STM32F7xx_HAL_Driver/Inc -I../../../Drivers/BSP/STM32746G-Discovery -I../../../Drivers/BSP/Components/Common -I../../../Utilities/Log -I../../../Utilities/Fonts -I../../../Utilities/CPU -Os -ffunction-sections -Wall -fstack-usage -fcyclomatic-complexity -MMD -MP -MF"Drivers/STM32F7xx_HAL_Driver/stm32f7xx_hal_sai_ex.d" -MT"Drivers/STM32F7xx_HAL_Driver/stm32f7xx_hal_sai_ex.o" --specs=nano.specs -mfpu=fpv5-sp-d16 -mfloat-abi=hard -mthumb -o "Drivers/STM32F7xx_HAL_Driver/stm32f7xx_hal_sai_ex.o"
arm-none-eabi-gcc "D:/113-2/embedded_system/term_pj/BSP/Drivers/STM32F7xx_HAL_Driver/Src/stm32f7xx_hal_sd.c" -mcpu=cortex-m7 -std=gnu11 -g3 -DUSE_HAL_DRIVER -DSTM32F746xx -DUSE_STM32746G_DISCO -DUSE_IOEXPANDER -c -I../../../Inc -I../../../Drivers/CMSIS/Include -I../../../Drivers/CMSIS/Device/ST/STM32F7xx/Include -I../../../Drivers/STM32F7xx_HAL_Driver/Inc -I../../../Drivers/BSP/STM32746G-Discovery -I../../../Drivers/BSP/Components/Common -I../../../Utilities/Log -I../../../Utilities/Fonts -I../../../Utilities/CPU -Os -ffunction-sections -Wall -fstack-usage -fcyclomatic-complexity -MMD -MP -MF"Drivers/STM32F7xx_HAL_Driver/stm32f7xx_hal_sd.d" -MT"Drivers/STM32F7xx_HAL_Driver/stm32f7xx_hal_sd.o" --specs=nano.specs -mfpu=fpv5-sp-d16 -mfloat-abi=hard -mthumb -o "Drivers/STM32F7xx_HAL_Driver/stm32f7xx_hal_sd.o"
arm-none-eabi-gcc "D:/113-2/embedded_system/term_pj/BSP/Drivers/STM32F7xx_HAL_Driver/Src/stm32f7xx_hal_sdram.c" -mcpu=cortex-m7 -std=gnu11 -g3 -DUSE_HAL_DRIVER -DSTM32F746xx -DUSE_STM32746G_DISCO -DUSE_IOEXPANDER -c -I../../../Inc -I../../../Drivers/CMSIS/Include -I../../../Drivers/CMSIS/Device/ST/STM32F7xx/Include -I../../../Drivers/STM32F7xx_HAL_Driver/Inc -I../../../Drivers/BSP/STM32746G-Discovery -I../../../Drivers/BSP/Components/Common -I../../../Utilities/Log -I../../../Utilities/Fonts -I../../../Utilities/CPU -Os -ffunction-sections -Wall -fstack-usage -fcyclomatic-complexity -MMD -MP -MF"Drivers/STM32F7xx_HAL_Driver/stm32f7xx_hal_sdram.d" -MT"Drivers/STM32F7xx_HAL_Driver/stm32f7xx_hal_sdram.o" --specs=nano.specs -mfpu=fpv5-sp-d16 -mfloat-abi=hard -mthumb -o "Drivers/STM32F7xx_HAL_Driver/stm32f7xx_hal_sdram.o"
arm-none-eabi-gcc "D:/113-2/embedded_system/term_pj/BSP/Drivers/STM32F7xx_HAL_Driver/Src/stm32f7xx_hal_sram.c" -mcpu=cortex-m7 -std=gnu11 -g3 -DUSE_HAL_DRIVER -DSTM32F746xx -DUSE_STM32746G_DISCO -DUSE_IOEXPANDER -c -I../../../Inc -I../../../Drivers/CMSIS/Include -I../../../Drivers/CMSIS/Device/ST/STM32F7xx/Include -I../../../Drivers/STM32F7xx_HAL_Driver/Inc -I../../../Drivers/BSP/STM32746G-Discovery -I../../../Drivers/BSP/Components/Common -I../../../Utilities/Log -I../../../Utilities/Fonts -I../../../Utilities/CPU -Os -ffunction-sections -Wall -fstack-usage -fcyclomatic-complexity -MMD -MP -MF"Drivers/STM32F7xx_HAL_Driver/stm32f7xx_hal_sram.d" -MT"Drivers/STM32F7xx_HAL_Driver/stm32f7xx_hal_sram.o" --specs=nano.specs -mfpu=fpv5-sp-d16 -mfloat-abi=hard -mthumb -o "Drivers/STM32F7xx_HAL_Driver/stm32f7xx_hal_sram.o"
arm-none-eabi-gcc "D:/113-2/embedded_system/term_pj/BSP/Drivers/STM32F7xx_HAL_Driver/Src/stm32f7xx_hal_tim.c" -mcpu=cortex-m7 -std=gnu11 -g3 -DUSE_HAL_DRIVER -DSTM32F746xx -DUSE_STM32746G_DISCO -DUSE_IOEXPANDER -c -I../../../Inc -I../../../Drivers/CMSIS/Include -I../../../Drivers/CMSIS/Device/ST/STM32F7xx/Include -I../../../Drivers/STM32F7xx_HAL_Driver/Inc -I../../../Drivers/BSP/STM32746G-Discovery -I../../../Drivers/BSP/Components/Common -I../../../Utilities/Log -I../../../Utilities/Fonts -I../../../Utilities/CPU -Os -ffunction-sections -Wall -fstack-usage -fcyclomatic-complexity -MMD -MP -MF"Drivers/STM32F7xx_HAL_Driver/stm32f7xx_hal_tim.d" -MT"Drivers/STM32F7xx_HAL_Driver/stm32f7xx_hal_tim.o" --specs=nano.specs -mfpu=fpv5-sp-d16 -mfloat-abi=hard -mthumb -o "Drivers/STM32F7xx_HAL_Driver/stm32f7xx_hal_tim.o"
arm-none-eabi-gcc "D:/113-2/embedded_system/term_pj/BSP/Drivers/STM32F7xx_HAL_Driver/Src/stm32f7xx_hal_tim_ex.c" -mcpu=cortex-m7 -std=gnu11 -g3 -DUSE_HAL_DRIVER -DSTM32F746xx -DUSE_STM32746G_DISCO -DUSE_IOEXPANDER -c -I../../../Inc -I../../../Drivers/CMSIS/Include -I../../../Drivers/CMSIS/Device/ST/STM32F7xx/Include -I../../../Drivers/STM32F7xx_HAL_Driver/Inc -I../../../Drivers/BSP/STM32746G-Discovery -I../../../Drivers/BSP/Components/Common -I../../../Utilities/Log -I../../../Utilities/Fonts -I../../../Utilities/CPU -Os -ffunction-sections -Wall -fstack-usage -fcyclomatic-complexity -MMD -MP -MF"Drivers/STM32F7xx_HAL_Driver/stm32f7xx_hal_tim_ex.d" -MT"Drivers/STM32F7xx_HAL_Driver/stm32f7xx_hal_tim_ex.o" --specs=nano.specs -mfpu=fpv5-sp-d16 -mfloat-abi=hard -mthumb -o "Drivers/STM32F7xx_HAL_Driver/stm32f7xx_hal_tim_ex.o"
arm-none-eabi-gcc "D:/113-2/embedded_system/term_pj/BSP/Drivers/STM32F7xx_HAL_Driver/Src/stm32f7xx_hal_uart.c" -mcpu=cortex-m7 -std=gnu11 -g3 -DUSE_HAL_DRIVER -DSTM32F746xx -DUSE_STM32746G_DISCO -DUSE_IOEXPANDER -c -I../../../Inc -I../../../Drivers/CMSIS/Include -I../../../Drivers/CMSIS/Device/ST/STM32F7xx/Include -I../../../Drivers/STM32F7xx_HAL_Driver/Inc -I../../../Drivers/BSP/STM32746G-Discovery -I../../../Drivers/BSP/Components/Common -I../../../Utilities/Log -I../../../Utilities/Fonts -I../../../Utilities/CPU -Os -ffunction-sections -Wall -fstack-usage -fcyclomatic-complexity -MMD -MP -MF"Drivers/STM32F7xx_HAL_Driver/stm32f7xx_hal_uart.d" -MT"Drivers/STM32F7xx_HAL_Driver/stm32f7xx_hal_uart.o" --specs=nano.specs -mfpu=fpv5-sp-d16 -mfloat-abi=hard -mthumb -o "Drivers/STM32F7xx_HAL_Driver/stm32f7xx_hal_uart.o"
arm-none-eabi-gcc "D:/113-2/embedded_system/term_pj/BSP/Drivers/STM32F7xx_HAL_Driver/Src/stm32f7xx_ll_fmc.c" -mcpu=cortex-m7 -std=gnu11 -g3 -DUSE_HAL_DRIVER -DSTM32F746xx -DUSE_STM32746G_DISCO -DUSE_IOEXPANDER -c -I../../../Inc -I../../../Drivers/CMSIS/Include -I../../../Drivers/CMSIS/Device/ST/STM32F7xx/Include -I../../../Drivers/STM32F7xx_HAL_Driver/Inc -I../../../Drivers/BSP/STM32746G-Discovery -I../../../Drivers/BSP/Components/Common -I../../../Utilities/Log -I../../../Utilities/Fonts -I../../../Utilities/CPU -Os -ffunction-sections -Wall -fstack-usage -fcyclomatic-complexity -MMD -MP -MF"Drivers/STM32F7xx_HAL_Driver/stm32f7xx_ll_fmc.d" -MT"Drivers/STM32F7xx_HAL_Driver/stm32f7xx_ll_fmc.o" --specs=nano.specs -mfpu=fpv5-sp-d16 -mfloat-abi=hard -mthumb -o "Drivers/STM32F7xx_HAL_Driver/stm32f7xx_ll_fmc.o"
arm-none-eabi-gcc "D:/113-2/embedded_system/term_pj/BSP/Drivers/STM32F7xx_HAL_Driver/Src/stm32f7xx_ll_sdmmc.c" -mcpu=cortex-m7 -std=gnu11 -g3 -DUSE_HAL_DRIVER -DSTM32F746xx -DUSE_STM32746G_DISCO -DUSE_IOEXPANDER -c -I../../../Inc -I../../../Drivers/CMSIS/Include -I../../../Drivers/CMSIS/Device/ST/STM32F7xx/Include -I../../../Drivers/STM32F7xx_HAL_Driver/Inc -I../../../Drivers/BSP/STM32746G-Discovery -I../../../Drivers/BSP/Components/Common -I../../../Utilities/Log -I../../../Utilities/Fonts -I../../../Utilities/CPU -Os -ffunction-sections -Wall -fstack-usage -fcyclomatic-complexity -MMD -MP -MF"Drivers/STM32F7xx_HAL_Driver/stm32f7xx_ll_sdmmc.d" -MT"Drivers/STM32F7xx_HAL_Driver/stm32f7xx_ll_sdmmc.o" --specs=nano.specs -mfpu=fpv5-sp-d16 -mfloat-abi=hard -mthumb -o "Drivers/STM32F7xx_HAL_Driver/stm32f7xx_ll_sdmmc.o"
arm-none-eabi-gcc "D:/113-2/embedded_system/term_pj/BSP/Src/system_stm32f7xx.c" -mcpu=cortex-m7 -std=gnu11 -g3 -DUSE_HAL_DRIVER -DSTM32F746xx -DUSE_STM32746G_DISCO -DUSE_IOEXPANDER -c -I../../../Inc -I../../../Drivers/CMSIS/Include -I../../../Drivers/CMSIS/Device/ST/STM32F7xx/Include -I../../../Drivers/STM32F7xx_HAL_Driver/Inc -I../../../Drivers/BSP/STM32746G-Discovery -I../../../Drivers/BSP/Components/Common -I../../../Utilities/Log -I../../../Utilities/Fonts -I../../../Utilities/CPU -Os -ffunction-sections -Wall -fstack-usage -fcyclomatic-complexity -MMD -MP -MF"Drivers/CMSIS/system_stm32f7xx.d" -MT"Drivers/CMSIS/system_stm32f7xx.o" --specs=nano.specs -mfpu=fpv5-sp-d16 -mfloat-abi=hard -mthumb -o "Drivers/CMSIS/system_stm32f7xx.o"
arm-none-eabi-gcc "D:/113-2/embedded_system/term_pj/BSP/Drivers/BSP/STM32746G-Discovery/stm32746g_discovery.c" -mcpu=cortex-m7 -std=gnu11 -g3 -DUSE_HAL_DRIVER -DSTM32F746xx -DUSE_STM32746G_DISCO -DUSE_IOEXPANDER -c -I../../../Inc -I../../../Drivers/CMSIS/Include -I../../../Drivers/CMSIS/Device/ST/STM32F7xx/Include -I../../../Drivers/STM32F7xx_HAL_Driver/Inc -I../../../Drivers/BSP/STM32746G-Discovery -I../../../Drivers/BSP/Components/Common -I../../../Utilities/Log -I../../../Utilities/Fonts -I../../../Utilities/CPU -Os -ffunction-sections -Wall -fstack-usage -fcyclomatic-complexity -MMD -MP -MF"Drivers/BSP/STM32746G_DISCOVERY/stm32746g_discovery.d" -MT"Drivers/BSP/STM32746G_DISCOVERY/stm32746g_discovery.o" --specs=nano.specs -mfpu=fpv5-sp-d16 -mfloat-abi=hard -mthumb -o "Drivers/BSP/STM32746G_DISCOVERY/stm32746g_discovery.o"
arm-none-eabi-gcc "D:/113-2/embedded_system/term_pj/BSP/Drivers/BSP/STM32746G-Discovery/stm32746g_discovery_audio.c" -mcpu=cortex-m7 -std=gnu11 -g3 -DUSE_HAL_DRIVER -DSTM32F746xx -DUSE_STM32746G_DISCO -DUSE_IOEXPANDER -c -I../../../Inc -I../../../Drivers/CMSIS/Include -I../../../Drivers/CMSIS/Device/ST/STM32F7xx/Include -I../../../Drivers/STM32F7xx_HAL_Driver/Inc -I../../../Drivers/BSP/STM32746G-Discovery -I../../../Drivers/BSP/Components/Common -I../../../Utilities/Log -I../../../Utilities/Fonts -I../../../Utilities/CPU -Os -ffunction-sections -Wall -fstack-usage -fcyclomatic-complexity -MMD -MP -MF"Drivers/BSP/STM32746G_DISCOVERY/stm32746g_discovery_audio.d" -MT"Drivers/BSP/STM32746G_DISCOVERY/stm32746g_discovery_audio.o" --specs=nano.specs -mfpu=fpv5-sp-d16 -mfloat-abi=hard -mthumb -o "Drivers/BSP/STM32746G_DISCOVERY/stm32746g_discovery_audio.o"
arm-none-eabi-gcc "D:/113-2/embedded_system/term_pj/BSP/Drivers/BSP/STM32746G-Discovery/stm32746g_discovery_camera.c" -mcpu=cortex-m7 -std=gnu11 -g3 -DUSE_HAL_DRIVER -DSTM32F746xx -DUSE_STM32746G_DISCO -DUSE_IOEXPANDER -c -I../../../Inc -I../../../Drivers/CMSIS/Include -I../../../Drivers/CMSIS/Device/ST/STM32F7xx/Include -I../../../Drivers/STM32F7xx_HAL_Driver/Inc -I../../../Drivers/BSP/STM32746G-Discovery -I../../../Drivers/BSP/Components/Common -I../../../Utilities/Log -I../../../Utilities/Fonts -I../../../Utilities/CPU -Os -ffunction-sections -Wall -fstack-usage -fcyclomatic-complexity -MMD -MP -MF"Drivers/BSP/STM32746G_DISCOVERY/stm32746g_discovery_camera.d" -MT"Drivers/BSP/STM32746G_DISCOVERY/stm32746g_discovery_camera.o" --specs=nano.specs -mfpu=fpv5-sp-d16 -mfloat-abi=hard -mthumb -o "Drivers/BSP/STM32746G_DISCOVERY/stm32746g_discovery_camera.o"
arm-none-eabi-gcc "D:/113-2/embedded_system/term_pj/BSP/Drivers/BSP/STM32746G-Discovery/stm32746g_discovery_eeprom.c" -mcpu=cortex-m7 -std=gnu11 -g3 -DUSE_HAL_DRIVER -DSTM32F746xx -DUSE_STM32746G_DISCO -DUSE_IOEXPANDER -c -I../../../Inc -I../../../Drivers/CMSIS/Include -I../../../Drivers/CMSIS/Device/ST/STM32F7xx/Include -I../../../Drivers/STM32F7xx_HAL_Driver/Inc -I../../../Drivers/BSP/STM32746G-Discovery -I../../../Drivers/BSP/Components/Common -I../../../Utilities/Log -I../../../Utilities/Fonts -I../../../Utilities/CPU -Os -ffunction-sections -Wall -fstack-usage -fcyclomatic-complexity -MMD -MP -MF"Drivers/BSP/STM32746G_DISCOVERY/stm32746g_discovery_eeprom.d" -MT"Drivers/BSP/STM32746G_DISCOVERY/stm32746g_discovery_eeprom.o" --specs=nano.specs -mfpu=fpv5-sp-d16 -mfloat-abi=hard -mthumb -o "Drivers/BSP/STM32746G_DISCOVERY/stm32746g_discovery_eeprom.o"
arm-none-eabi-gcc "D:/113-2/embedded_system/term_pj/BSP/Drivers/BSP/STM32746G-Discovery/stm32746g_discovery_lcd.c" -mcpu=cortex-m7 -std=gnu11 -g3 -DUSE_HAL_DRIVER -DSTM32F746xx -DUSE_STM32746G_DISCO -DUSE_IOEXPANDER -c -I../../../Inc -I../../../Drivers/CMSIS/Include -I../../../Drivers/CMSIS/Device/ST/STM32F7xx/Include -I../../../Drivers/STM32F7xx_HAL_Driver/Inc -I../../../Drivers/BSP/STM32746G-Discovery -I../../../Drivers/BSP/Components/Common -I../../../Utilities/Log -I../../../Utilities/Fonts -I../../../Utilities/CPU -Os -ffunction-sections -Wall -fstack-usage -fcyclomatic-complexity -MMD -MP -MF"Drivers/BSP/STM32746G_DISCOVERY/stm32746g_discovery_lcd.d" -MT"Drivers/BSP/STM32746G_DISCOVERY/stm32746g_discovery_lcd.o" --specs=nano.specs -mfpu=fpv5-sp-d16 -mfloat-abi=hard -mthumb -o "Drivers/BSP/STM32746G_DISCOVERY/stm32746g_discovery_lcd.o"
arm-none-eabi-gcc "D:/113-2/embedded_system/term_pj/BSP/Drivers/BSP/STM32746G-Discovery/stm32746g_discovery_qspi.c" -mcpu=cortex-m7 -std=gnu11 -g3 -DUSE_HAL_DRIVER -DSTM32F746xx -DUSE_STM32746G_DISCO -DUSE_IOEXPANDER -c -I../../../Inc -I../../../Drivers/CMSIS/Include -I../../../Drivers/CMSIS/Device/ST/STM32F7xx/Include -I../../../Drivers/STM32F7xx_HAL_Driver/Inc -I../../../Drivers/BSP/STM32746G-Discovery -I../../../Drivers/BSP/Components/Common -I../../../Utilities/Log -I../../../Utilities/Fonts -I../../../Utilities/CPU -Os -ffunction-sections -Wall -fstack-usage -fcyclomatic-complexity -MMD -MP -MF"Drivers/BSP/STM32746G_DISCOVERY/stm32746g_discovery_qspi.d" -MT"Drivers/BSP/STM32746G_DISCOVERY/stm32746g_discovery_qspi.o" --specs=nano.specs -mfpu=fpv5-sp-d16 -mfloat-abi=hard -mthumb -o "Drivers/BSP/STM32746G_DISCOVERY/stm32746g_discovery_qspi.o"
arm-none-eabi-gcc "D:/113-2/embedded_system/term_pj/BSP/Drivers/BSP/STM32746G-Discovery/stm32746g_discovery_sd.c" -mcpu=cortex-m7 -std=gnu11 -g3 -DUSE_HAL_DRIVER -DSTM32F746xx -DUSE_STM32746G_DISCO -DUSE_IOEXPANDER -c -I../../../Inc -I../../../Drivers/CMSIS/Include -I../../../Drivers/CMSIS/Device/ST/STM32F7xx/Include -I../../../Drivers/STM32F7xx_HAL_Driver/Inc -I../../../Drivers/BSP/STM32746G-Discovery -I../../../Drivers/BSP/Components/Common -I../../../Utilities/Log -I../../../Utilities/Fonts -I../../../Utilities/CPU -Os -ffunction-sections -Wall -fstack-usage -fcyclomatic-complexity -MMD -MP -MF"Drivers/BSP/STM32746G_DISCOVERY/stm32746g_discovery_sd.d" -MT"Drivers/BSP/STM32746G_DISCOVERY/stm32746g_discovery_sd.o" --specs=nano.specs -mfpu=fpv5-sp-d16 -mfloat-abi=hard -mthumb -o "Drivers/BSP/STM32746G_DISCOVERY/stm32746g_discovery_sd.o"
arm-none-eabi-gcc "D:/113-2/embedded_system/term_pj/BSP/Drivers/BSP/STM32746G-Discovery/stm32746g_discovery_sdram.c" -mcpu=cortex-m7 -std=gnu11 -g3 -DUSE_HAL_DRIVER -DSTM32F746xx -DUSE_STM32746G_DISCO -DUSE_IOEXPANDER -c -I../../../Inc -I../../../Drivers/CMSIS/Include -I../../../Drivers/CMSIS/Device/ST/STM32F7xx/Include -I../../../Drivers/STM32F7xx_HAL_Driver/Inc -I../../../Drivers/BSP/STM32746G-Discovery -I../../../Drivers/BSP/Components/Common -I../../../Utilities/Log -I../../../Utilities/Fonts -I../../../Utilities/CPU -Os -ffunction-sections -Wall -fstack-usage -fcyclomatic-complexity -MMD -MP -MF"Drivers/BSP/STM32746G_DISCOVERY/stm32746g_discovery_sdram.d" -MT"Drivers/BSP/STM32746G_DISCOVERY/stm32746g_discovery_sdram.o" --specs=nano.specs -mfpu=fpv5-sp-d16 -mfloat-abi=hard -mthumb -o "Drivers/BSP/STM32746G_DISCOVERY/stm32746g_discovery_sdram.o"
arm-none-eabi-gcc "D:/113-2/embedded_system/term_pj/BSP/Drivers/BSP/STM32746G-Discovery/stm32746g_discovery_ts.c" -mcpu=cortex-m7 -std=gnu11 -g3 -DUSE_HAL_DRIVER -DSTM32F746xx -DUSE_STM32746G_DISCO -DUSE_IOEXPANDER -c -I../../../Inc -I../../../Drivers/CMSIS/Include -I../../../Drivers/CMSIS/Device/ST/STM32F7xx/Include -I../../../Drivers/STM32F7xx_HAL_Driver/Inc -I../../../Drivers/BSP/STM32746G-Discovery -I../../../Drivers/BSP/Components/Common -I../../../Utilities/Log -I../../../Utilities/Fonts -I../../../Utilities/CPU -Os -ffunction-sections -Wall -fstack-usage -fcyclomatic-complexity -MMD -MP -MF"Drivers/BSP/STM32746G_DISCOVERY/stm32746g_discovery_ts.d" -MT"Drivers/BSP/STM32746G_DISCOVERY/stm32746g_discovery_ts.o" --specs=nano.specs -mfpu=fpv5-sp-d16 -mfloat-abi=hard -mthumb -o "Drivers/BSP/STM32746G_DISCOVERY/stm32746g_discovery_ts.o"
arm-none-eabi-gcc "D:/113-2/embedded_system/term_pj/BSP/Drivers/BSP/Components/ft5336/ft5336.c" -mcpu=cortex-m7 -std=gnu11 -g3 -DUSE_HAL_DRIVER -DSTM32F746xx -DUSE_STM32746G_DISCO -DUSE_IOEXPANDER -c -I../../../Inc -I../../../Drivers/CMSIS/Include -I../../../Drivers/CMSIS/Device/ST/STM32F7xx/Include -I../../../Drivers/STM32F7xx_HAL_Driver/Inc -I../../../Drivers/BSP/STM32746G-Discovery -I../../../Drivers/BSP/Components/Common -I../../../Utilities/Log -I../../../Utilities/Fonts -I../../../Utilities/CPU -Os -ffunction-sections -Wall -fstack-usage -fcyclomatic-complexity -MMD -MP -MF"Drivers/BSP/Components/ft5336.d" -MT"Drivers/BSP/Components/ft5336.o" --specs=nano.specs -mfpu=fpv5-sp-d16 -mfloat-abi=hard -mthumb -o "Drivers/BSP/Components/ft5336.o"
arm-none-eabi-gcc "D:/113-2/embedded_system/term_pj/BSP/Drivers/BSP/Components/ov9655/ov9655.c" -mcpu=cortex-m7 -std=gnu11 -g3 -DUSE_HAL_DRIVER -DSTM32F746xx -DUSE_STM32746G_DISCO -DUSE_IOEXPANDER -c -I../../../Inc -I../../../Drivers/CMSIS/Include -I../../../Drivers/CMSIS/Device/ST/STM32F7xx/Include -I../../../Drivers/STM32F7xx_HAL_Driver/Inc -I../../../Drivers/BSP/STM32746G-Discovery -I../../../Drivers/BSP/Components/Common -I../../../Utilities/Log -I../../../Utilities/Fonts -I../../../Utilities/CPU -Os -ffunction-sections -Wall -fstack-usage -fcyclomatic-complexity -MMD -MP -MF"Drivers/BSP/Components/ov9655.d" -MT"Drivers/BSP/Components/ov9655.o" --specs=nano.specs -mfpu=fpv5-sp-d16 -mfloat-abi=hard -mthumb -o "Drivers/BSP/Components/ov9655.o"
arm-none-eabi-gcc "D:/113-2/embedded_system/term_pj/BSP/Drivers/BSP/Components/wm8994/wm8994.c" -mcpu=cortex-m7 -std=gnu11 -g3 -DUSE_HAL_DRIVER -DSTM32F746xx -DUSE_STM32746G_DISCO -DUSE_IOEXPANDER -c -I../../../Inc -I../../../Drivers/CMSIS/Include -I../../../Drivers/CMSIS/Device/ST/STM32F7xx/Include -I../../../Drivers/STM32F7xx_HAL_Driver/Inc -I../../../Drivers/BSP/STM32746G-Discovery -I../../../Drivers/BSP/Components/Common -I../../../Utilities/Log -I../../../Utilities/Fonts -I../../../Utilities/CPU -Os -ffunction-sections -Wall -fstack-usage -fcyclomatic-complexity -MMD -MP -MF"Drivers/BSP/Components/wm8994.d" -MT"Drivers/BSP/Components/wm8994.o" --specs=nano.specs -mfpu=fpv5-sp-d16 -mfloat-abi=hard -mthumb -o "Drivers/BSP/Components/wm8994.o"
arm-none-eabi-gcc -o "STM32746G_DISCOVERY.elf" @"objects.list"   -mcpu=cortex-m7 -T"../STM32F746NGHx_FLASH.ld" --specs=nosys.specs -Wl,-Map="STM32746G_DISCOVERY.map" -Wl,--gc-sections -static --specs=nano.specs -mfpu=fpv5-sp-d16 -mfloat-abi=hard -mthumb -Wl,--start-group -lc -lm -Wl,--end-group
C:/ST/STM32CubeIDE_1.18.0/STM32CubeIDE/plugins/com.st.stm32cube.ide.mcu.externaltools.gnu-tools-for-stm32.13.3.rel1.win32_1.0.0.202411081344/tools/bin/../lib/gcc/arm-none-eabi/13.3.1/../../../../arm-none-eabi/bin/ld.exe: warning: STM32746G_DISCOVERY.elf has a LOAD segment with RWX permissions
Finished building target: STM32746G_DISCOVERY.elf
 
arm-none-eabi-size  STM32746G_DISCOVERY.elf 
arm-none-eabi-objdump -h -S STM32746G_DISCOVERY.elf  > "STM32746G_DISCOVERY.list"
arm-none-eabi-objcopy  -O binary STM32746G_DISCOVERY.elf  "STM32746G_DISCOVERY.bin"
   text	   data	    bss	    dec	    hex	filename
  75496	   1500	 164224	 241220	  3ae44	STM32746G_DISCOVERY.elf
Finished building: default.size.stdout
 
Finished building: STM32746G_DISCOVERY.bin
 
Finished building: STM32746G_DISCOVERY.list
 
21:50:42 **** Incremental Build of configuration Debug for project BSP ****
make -j20 all 
arm-none-eabi-size  STM32746G_DISCOVERY.elf 
   text	   data	    bss	    dec	    hex	filename
  75496	   1500	 164224	 241220	  3ae44	STM32746G_DISCOVERY.elf
Finished building: default.size.stdout
 
